2026-10-09T17:06:50.6948203Z Current runner version: '2.337.0'
2026-10-09T17:06:50.6973024Z ##[group]Runner Image Provisioner
2026-10-09T17:06:50.6973909Z Hosted Compute Agent
2026-10-09T17:06:50.6974629Z Version: 20261002.596
2026-10-09T17:06:50.6975273Z Commit: c3d12f3313a95f25162a1503be624f3b0617f8c0
2026-10-09T17:06:50.6976412Z Build Date: 2026-10-02T22:28:27Z
2026-10-09T17:06:50.6977293Z Worker ID: {3894f8e6-321e-472b-bc3b-bf5ede5bc450}
2026-10-09T17:06:50.6978017Z Region: centralus
2026-10-09T17:06:50.6978605Z Cloud: Azure
2026-10-09T17:06:50.6979156Z ##[endgroup]
2026-10-09T17:06:50.6980752Z ##[group]Operating System
2026-10-09T17:06:50.6981502Z Ubuntu
2026-10-09T17:06:50.6982058Z 24.04.5
2026-10-09T17:06:50.6982704Z LTS
2026-10-09T17:06:50.6983226Z ##[endgroup]
2026-10-09T17:06:50.6983797Z ##[group]Runner Image
2026-10-09T17:06:50.6984459Z Image: ubuntu-24.04
2026-10-09T17:06:50.6985022Z Version: 20261004.327.1
2026-10-09T17:06:50.6986685Z Included Software: https://github.com/actions/runner-images/blob/ubuntu24/20261004.327/images/ubuntu/Ubuntu2404-Readme.md
2026-10-09T17:06:50.6988380Z Image Release: https://github.com/actions/runner-images/releases/tag/ubuntu24%2F20261004.327
2026-10-09T17:06:50.6989461Z ##[endgroup]
2026-10-09T17:06:50.6990629Z ##[group]GITHUB_TOKEN Permissions
2026-10-09T17:06:50.6993172Z Contents: read
2026-10-09T17:06:50.6993836Z Metadata: read
2026-10-09T17:06:50.6994470Z Packages: read
2026-10-09T17:06:50.6995056Z ##[endgroup]
2026-10-09T17:06:50.6997906Z Secret source: Actions
2026-10-09T17:06:50.6999002Z Cache mode: write
2026-10-09T17:06:50.6999966Z Prepare workflow directory
2026-10-09T17:06:50.7336649Z Prepare all required actions
2026-10-09T17:06:50.7387030Z Getting action download info
2026-10-09T17:06:51.0156616Z Download action repository 'actions/checkout@v4' (SHA:11d5960a326750d5838078e36cf38b85af677262)
2026-10-09T17:06:51.1008521Z Download action repository 'oven-sh/setup-bun@v2' (SHA:0c5077e51419868618aeaa5fe8019c62421857d6)
2026-10-09T17:06:51.5733501Z Complete job name: release-soak
2026-10-09T17:06:51.6499628Z ##[group]Run actions/checkout@v4
2026-10-09T17:06:51.6500499Z with:
2026-10-09T17:06:51.6500958Z   repository: BeanoTW/Legacy-Football
2026-10-09T17:06:51.6505026Z   token: ***
2026-10-09T17:06:51.6505463Z   ssh-strict: true
2026-10-09T17:06:51.6505898Z   ssh-user: git
2026-10-09T17:06:51.6506842Z   persist-credentials: true
2026-10-09T17:06:51.6507350Z   clean: true
2026-10-09T17:06:51.6507810Z   sparse-checkout-cone-mode: true
2026-10-09T17:06:51.6508333Z   fetch-depth: 1
2026-10-09T17:06:51.6508806Z   fetch-tags: false
2026-10-09T17:06:51.6509263Z   show-progress: true
2026-10-09T17:06:51.6509711Z   lfs: false
2026-10-09T17:06:51.6510132Z   submodules: false
2026-10-09T17:06:51.6510585Z   set-safe-directory: true
2026-10-09T17:06:51.6511094Z   allow-unsafe-pr-checkout: false
2026-10-09T17:06:51.6511940Z ##[endgroup]
2026-10-09T17:06:51.7593995Z Syncing repository: BeanoTW/Legacy-Football
2026-10-09T17:06:51.7597538Z ##[group]Getting Git version info
2026-10-09T17:06:51.7599018Z Working directory is '/home/runner/work/Legacy-Football/Legacy-Football'
2026-10-09T17:06:51.7601031Z [command]/usr/bin/git version
2026-10-09T17:06:51.7684783Z git version 2.55.0
2026-10-09T17:06:51.7723207Z ##[endgroup]
2026-10-09T17:06:51.7733153Z Temporarily overriding HOME='/home/runner/work/_temp/98a18b67-cded-4ad9-be84-d76dc22e6c1c' before making global git config changes
2026-10-09T17:06:51.7735908Z Adding repository directory to the temporary git global config as a safe directory
2026-10-09T17:06:51.7738557Z [command]/usr/bin/git config --global --add safe.directory /home/runner/work/Legacy-Football/Legacy-Football
2026-10-09T17:06:51.7792371Z Deleting the contents of '/home/runner/work/Legacy-Football/Legacy-Football'
2026-10-09T17:06:51.7816397Z ##[group]Initializing the repository
2026-10-09T17:06:51.7818199Z [command]/usr/bin/git init /home/runner/work/Legacy-Football/Legacy-Football
2026-10-09T17:06:51.7919790Z hint: Using 'master' as the name for the initial branch. This default branch name
2026-10-09T17:06:51.7921755Z hint: will change to "main" in Git 3.0. To configure the initial branch name
2026-10-09T17:06:51.7923297Z hint: to use in all of your new repositories, which will suppress this warning,
2026-10-09T17:06:51.7924562Z hint: call:
2026-10-09T17:06:51.7925194Z hint:
2026-10-09T17:06:51.7926233Z hint: 	git config --global init.defaultBranch <name>
2026-10-09T17:06:51.7927229Z hint:
2026-10-09T17:06:51.7928139Z hint: Names commonly chosen instead of 'master' are 'main', 'trunk' and
2026-10-09T17:06:51.7929716Z hint: 'development'. The just-created branch can be renamed via this command:
2026-10-09T17:06:51.7930967Z hint:
2026-10-09T17:06:51.7931608Z hint: 	git branch -m <name>
2026-10-09T17:06:51.7932349Z hint:
2026-10-09T17:06:51.7933343Z hint: Disable this message with "git config set advice.defaultBranchName false"
2026-10-09T17:06:51.7935049Z Initialized empty Git repository in /home/runner/work/Legacy-Football/Legacy-Football/.git/
2026-10-09T17:06:51.7937128Z [command]/usr/bin/git remote add origin https://github.com/BeanoTW/Legacy-Football
2026-10-09T17:06:51.7997427Z ##[endgroup]
2026-10-09T17:06:51.7998865Z ##[group]Disabling automatic garbage collection
2026-10-09T17:06:51.8001457Z [command]/usr/bin/git config --local gc.auto 0
2026-10-09T17:06:51.8037195Z ##[endgroup]
2026-10-09T17:06:51.8038551Z ##[group]Setting up auth
2026-10-09T17:06:51.8039821Z [command]/usr/bin/git config --local --name-only --get-regexp core\.sshCommand
2026-10-09T17:06:51.8069342Z [command]/usr/bin/git submodule foreach --recursive sh -c "git config --local --name-only --get-regexp 'core\.sshCommand' && git config --local --unset-all 'core.sshCommand' || :"
2026-10-09T17:06:51.8454302Z [command]/usr/bin/git config --local --name-only --get-regexp http\.https\:\/\/github\.com\/\.extraheader
2026-10-09T17:06:51.8508482Z [command]/usr/bin/git submodule foreach --recursive sh -c "git config --local --name-only --get-regexp 'http\.https\:\/\/github\.com\/\.extraheader' && git config --local --unset-all 'http.https://github.com/.extraheader' || :"
2026-10-09T17:06:51.8752901Z [command]/usr/bin/git config --local --name-only --get-regexp ^includeIf\.gitdir:
2026-10-09T17:06:51.8790406Z [command]/usr/bin/git submodule foreach --recursive git config --local --show-origin --name-only --get-regexp remote.origin.url
2026-10-09T17:06:51.9019380Z [command]/usr/bin/git config --local http.https://github.com/.extraheader AUTHORIZATION: basic ***
2026-10-09T17:06:51.9059021Z ##[endgroup]
2026-10-09T17:06:51.9059997Z ##[group]Fetching the repository
2026-10-09T17:06:51.9069521Z [command]/usr/bin/git -c protocol.version=2 fetch --no-tags --prune --no-recurse-submodules --depth=1 origin +b1d12d79d5a9b8342a687312d64cc3bcaa9c1a26:refs/remotes/origin/main
2026-10-09T17:06:52.6512682Z From https://github.com/BeanoTW/Legacy-Football
2026-10-09T17:06:52.6526924Z  * [new ref]         b1d12d79d5a9b8342a687312d64cc3bcaa9c1a26 -> origin/main
2026-10-09T17:06:52.6530451Z ##[endgroup]
2026-10-09T17:06:52.6531758Z ##[group]Determining the checkout info
2026-10-09T17:06:52.6533121Z ##[endgroup]
2026-10-09T17:06:52.6533979Z [command]/usr/bin/git sparse-checkout disable
2026-10-09T17:06:52.6585251Z [command]/usr/bin/git config --local --unset-all extensions.worktreeConfig
2026-10-09T17:06:52.6623033Z ##[group]Checking out the ref
2026-10-09T17:06:52.6629694Z [command]/usr/bin/git checkout --progress --force -B main refs/remotes/origin/main
2026-10-09T17:06:52.7168665Z Switched to a new branch 'main'
2026-10-09T17:06:52.7173613Z branch 'main' set up to track 'origin/main'.
2026-10-09T17:06:52.7182749Z ##[endgroup]
2026-10-09T17:06:52.7227484Z [command]/usr/bin/git log -1 --format=%H
2026-10-09T17:06:52.7253974Z b1d12d79d5a9b8342a687312d64cc3bcaa9c1a26
2026-10-09T17:06:52.7611161Z ##[group]Run oven-sh/setup-bun@v2
2026-10-09T17:06:52.7612464Z with:
2026-10-09T17:06:52.7613396Z   bun-version: latest
2026-10-09T17:06:52.7614443Z   no-cache: false
2026-10-09T17:06:52.7624449Z   token: ***
2026-10-09T17:06:52.7625432Z ##[endgroup]
2026-10-09T17:06:53.3391585Z Downloading a new version of Bun: https://github.com/oven-sh/bun/releases/download/bun-v1.4.2/bun-linux-x64.zip
2026-10-09T17:06:53.7576235Z [command]/usr/bin/unzip -o -q /home/runner/work/_temp/cd65c274-3d22-4679-aaf3-9dc1db723e98.zip
2026-10-09T17:06:54.3608156Z [command]/home/runner/.bun/bin/bun --revision
2026-10-09T17:06:54.3664641Z 1.4.2+744846f84
2026-10-09T17:06:54.3831808Z ##[group]Run bun install --frozen-lockfile
2026-10-09T17:06:54.3832309Z [36;1mbun install --frozen-lockfile[0m
2026-10-09T17:06:54.4087786Z shell: /usr/bin/bash -e {0}
2026-10-09T17:06:54.4088203Z ##[endgroup]
2026-10-09T17:06:54.4276247Z [0.05ms] ".env"
2026-10-09T17:06:54.4279424Z bun install v1.4.2 (744846f84)
2026-10-09T17:06:57.2878527Z 
2026-10-09T17:06:57.2879295Z + @eslint/js@9.39.4
2026-10-09T17:06:57.2886834Z + @lovable.dev/vite-tanstack-config@2.25.3
2026-10-09T17:06:57.2887379Z + @types/node@22.19.17
2026-10-09T17:06:57.2887781Z + @types/react@19.2.14
2026-10-09T17:06:57.2888403Z + @types/react-dom@19.2.3
2026-10-09T17:06:57.2888953Z + @vitejs/plugin-react@5.2.0
2026-10-09T17:06:57.2889474Z + eslint@9.39.4
2026-10-09T17:06:57.2889955Z + eslint-config-prettier@10.1.8
2026-10-09T17:06:57.2890535Z + eslint-plugin-prettier@5.5.5
2026-10-09T17:06:57.2891257Z + eslint-plugin-react-hooks@5.2.0
2026-10-09T17:06:57.2894441Z + eslint-plugin-react-refresh@0.4.26
2026-10-09T17:06:57.2895594Z + fake-indexeddb@6.2.5
2026-10-09T17:06:57.2896522Z + globals@15.15.0
2026-10-09T17:06:57.2897151Z + nitro@3.0.260603-beta
2026-10-09T17:06:57.2897755Z + prettier@3.8.3
2026-10-09T17:06:57.2898346Z + typescript@5.9.3
2026-10-09T17:06:57.2898952Z + typescript-eslint@8.59.0
2026-10-09T17:06:57.2899625Z + vite@8.0.16
2026-10-09T17:06:57.2900222Z + @hookform/resolvers@5.2.2
2026-10-09T17:06:57.2900898Z + @radix-ui/react-accordion@1.2.12
2026-10-09T17:06:57.2901611Z + @radix-ui/react-alert-dialog@1.1.15
2026-10-09T17:06:57.2902340Z + @radix-ui/react-aspect-ratio@1.1.8
2026-10-09T17:06:57.2903127Z + @radix-ui/react-avatar@1.1.11
2026-10-09T17:06:57.2903804Z + @radix-ui/react-checkbox@1.3.3
2026-10-09T17:06:57.2904508Z + @radix-ui/react-collapsible@1.1.12
2026-10-09T17:06:57.2905271Z + @radix-ui/react-context-menu@2.2.16
2026-10-09T17:06:57.2906152Z + @radix-ui/react-dialog@1.1.15
2026-10-09T17:06:57.2906923Z + @radix-ui/react-dropdown-menu@2.1.16
2026-10-09T17:06:57.2907718Z + @radix-ui/react-hover-card@1.1.15
2026-10-09T17:06:57.2908416Z + @radix-ui/react-label@2.1.8
2026-10-09T17:06:57.2909122Z + @radix-ui/react-menubar@1.1.16
2026-10-09T17:06:57.2909818Z + @radix-ui/react-navigation-menu@1.2.14
2026-10-09T17:06:57.2910544Z + @radix-ui/react-popover@1.1.15
2026-10-09T17:06:57.2911289Z + @radix-ui/react-progress@1.1.8
2026-10-09T17:06:57.2911992Z + @radix-ui/react-radio-group@1.3.8
2026-10-09T17:06:57.2912813Z + @radix-ui/react-scroll-area@1.2.10
2026-10-09T17:06:57.2913607Z + @radix-ui/react-select@2.2.6
2026-10-09T17:06:57.2914374Z + @radix-ui/react-separator@1.1.8
2026-10-09T17:06:57.2915155Z + @radix-ui/react-slider@1.3.6
2026-10-09T17:06:57.2915902Z + @radix-ui/react-slot@1.2.4
2026-10-09T17:06:57.2916923Z + @radix-ui/react-switch@1.2.6
2026-10-09T17:06:57.2917681Z + @radix-ui/react-tabs@1.1.13
2026-10-09T17:06:57.2918412Z + @radix-ui/react-toggle@1.1.10
2026-10-09T17:06:57.2919181Z + @radix-ui/react-toggle-group@1.1.11
2026-10-09T17:06:57.2920051Z + @radix-ui/react-tooltip@1.2.8
2026-10-09T17:06:57.2920997Z + @supabase/supabase-js@2.117.2
2026-10-09T17:06:57.2921787Z + @tailwindcss/vite@4.2.4
2026-10-09T17:06:57.2922521Z + @tanstack/react-query@5.101.1
2026-10-09T17:06:57.2923216Z + @tanstack/react-router@1.170.41
2026-10-09T17:06:57.2923874Z + @tanstack/react-start@1.168.60
2026-10-09T17:06:57.2924563Z + @tanstack/router-plugin@1.168.42
2026-10-09T17:06:57.2925279Z + class-variance-authority@0.7.1
2026-10-09T17:06:57.2925914Z + clsx@2.1.1
2026-10-09T17:06:57.2926733Z + cmdk@1.1.1
2026-10-09T17:06:57.2927282Z + date-fns@4.1.0
2026-10-09T17:06:57.2928058Z + embla-carousel-react@8.6.0
2026-10-09T17:06:57.2928763Z + input-otp@1.4.2
2026-10-09T17:06:57.2929448Z + lucide-react@0.575.0
2026-10-09T17:06:57.2930516Z + react@19.2.5
2026-10-09T17:06:57.2936909Z + react-day-picker@9.14.0
2026-10-09T17:06:57.2937672Z + react-dom@19.2.5
2026-10-09T17:06:57.2938345Z + react-hook-form@7.73.1
2026-10-09T17:06:57.2939044Z + react-resizable-panels@4.10.0
2026-10-09T17:06:57.2939747Z + recharts@2.15.4
2026-10-09T17:06:57.2940732Z + sonner@2.0.7
2026-10-09T17:06:57.2941392Z + tailwind-merge@3.5.0
2026-10-09T17:06:57.2941897Z + tailwindcss@4.2.4
2026-10-09T17:06:57.2942283Z + tw-animate-css@1.4.0
2026-10-09T17:06:57.2942668Z + vaul@1.1.2
2026-10-09T17:06:57.2943034Z + vite-tsconfig-paths@6.1.1
2026-10-09T17:06:57.2943455Z + zod@3.25.76
2026-10-09T17:06:57.2943651Z 
2026-10-09T17:06:57.2943823Z 451 packages installed [2.86s]
2026-10-09T17:06:57.2981134Z ##[group]Run bun run build
2026-10-09T17:06:57.2981463Z [36;1mbun run build[0m
2026-10-09T17:06:57.3046750Z shell: /usr/bin/bash -e {0}
2026-10-09T17:06:57.3047015Z ##[endgroup]
2026-10-09T17:06:57.3150968Z $ vite build
2026-10-09T17:06:59.1988709Z [33mThe plugin "vite-tsconfig-paths" is detected. Vite now supports tsconfig paths resolution natively via the [1mresolve.tsconfigPaths[22m option. You can remove the plugin and set [1mresolve.tsconfigPaths: true[22m in your Vite config instead.[39m
2026-10-09T17:06:59.3830687Z [36mvite v8.0.16 [32mbuilding client environment for production...[36m[39m
2026-10-09T17:06:59.4008750Z [2K
2026-10-09T17:07:01.1192311Z transforming...✓ 2900 modules transformed.
2026-10-09T17:07:01.2819883Z rendering chunks...
2026-10-09T17:07:01.6337203Z computing gzip size...
2026-10-09T17:07:01.6636521Z .output/public/assets/stadium-atmosphere-DD9j1qLK.css      1.92 kB │ gzip:   0.69 kB
2026-10-09T17:07:01.6637713Z .output/public/assets/mobile-dock-BV-jkbU1.css             4.49 kB │ gzip:   1.38 kB
2026-10-09T17:07:01.6638399Z .output/public/assets/department-DCxtBiYM.css              5.65 kB │ gzip:   1.63 kB
2026-10-09T17:07:01.6639043Z .output/public/assets/home-art-DZxQUlRy.css                7.33 kB │ gzip:   1.69 kB
2026-10-09T17:07:01.6639708Z .output/public/assets/masthead-polish-2-zjMAvD.css         8.51 kB │ gzip:   2.07 kB
2026-10-09T17:07:01.6640326Z .output/public/assets/fun--6CROtN6.css                    13.02 kB │ gzip:   3.13 kB
2026-10-09T17:07:01.6640940Z .output/public/assets/desktop-workspace-B6w8ckIj.css      13.72 kB │ gzip:   2.82 kB
2026-10-09T17:07:01.6641586Z .output/public/assets/transfer-desk-ClebI6cV.css          17.27 kB │ gzip:   3.30 kB
2026-10-09T17:07:01.6642223Z .output/public/assets/facilities-ground-UozuFURP.css      18.24 kB │ gzip:   3.87 kB
2026-10-09T17:07:01.6642831Z .output/public/assets/newsroom-DRW9O_72.css               20.92 kB │ gzip:   4.88 kB
2026-10-09T17:07:01.6643446Z .output/public/assets/home-shell-polish-BRsoeZ58.css      27.35 kB │ gzip:   4.07 kB
2026-10-09T17:07:01.6644184Z .output/public/assets/presentation-CZ7wT0RI.css           30.83 kB │ gzip:   6.10 kB
2026-10-09T17:07:01.6644974Z .output/public/assets/inbox-overhaul-CvcdVWvI.css         31.56 kB │ gzip:   6.08 kB
2026-10-09T17:07:01.6645719Z .output/public/assets/home-concept-emBbTtqa.css           34.32 kB │ gzip:   6.88 kB
2026-10-09T17:07:01.6647159Z .output/public/assets/home-overhaul-CG-Nn3Xo.css          36.10 kB │ gzip:   6.17 kB
2026-10-09T17:07:01.6648343Z .output/public/assets/styles-5dn04ilw.css                204.18 kB │ gzip:  31.51 kB
2026-10-09T17:07:01.6649460Z .output/public/assets/index-bR7FD-TX.js                  572.07 kB │ gzip: 169.84 kB
2026-10-09T17:07:01.6650548Z .output/public/assets/routes-D7MKjPvC.js               2,086.92 kB │ gzip: 599.24 kB
2026-10-09T17:07:01.6651096Z 
2026-10-09T17:07:01.6651563Z [33m[plugin builtin:vite-reporter] 
2026-10-09T17:07:01.6652183Z (!) Some chunks are larger than 500 kB after minification. Consider:
2026-10-09T17:07:01.6652883Z - Using dynamic import() to code-split the application
2026-10-09T17:07:01.6654053Z - Use build.rolldownOptions.output.codeSplitting to improve chunking: https://rolldown.rs/reference/OutputOptions.codeSplitting
2026-10-09T17:07:01.6655791Z - Adjust chunk size limit for this warning via build.chunkSizeWarningLimit.[39m
2026-10-09T17:07:01.6656921Z [32m✓ built in 2.28s[39m
2026-10-09T17:07:01.6657623Z [36mvite v8.0.16 [32mbuilding ssr environment for production...[36m[39m
2026-10-09T17:07:01.6788492Z [2K
2026-10-09T17:07:02.7043390Z transforming...✓ 363 modules transformed.
2026-10-09T17:07:02.7825847Z rendering chunks...
2026-10-09T17:07:02.9088792Z computing gzip size...
2026-10-09T17:07:02.9480123Z node_modules/.nitro/vite/services/ssr/assets/stadium-atmosphere-DD9j1qLK.css             1.92 kB │ gzip:   0.69 kB
2026-10-09T17:07:02.9482177Z node_modules/.nitro/vite/services/ssr/assets/mobile-dock-BV-jkbU1.css                    4.49 kB │ gzip:   1.38 kB
2026-10-09T17:07:02.9488085Z node_modules/.nitro/vite/services/ssr/assets/department-DCxtBiYM.css                     5.65 kB │ gzip:   1.63 kB
2026-10-09T17:07:02.9490260Z node_modules/.nitro/vite/services/ssr/assets/home-art-DZxQUlRy.css                       7.33 kB │ gzip:   1.69 kB
2026-10-09T17:07:02.9491579Z node_modules/.nitro/vite/services/ssr/assets/masthead-polish-2-zjMAvD.css                8.51 kB │ gzip:   2.07 kB
2026-10-09T17:07:02.9492781Z node_modules/.nitro/vite/services/ssr/assets/fun--6CROtN6.css                           13.02 kB │ gzip:   3.13 kB
2026-10-09T17:07:02.9493979Z node_modules/.nitro/vite/services/ssr/assets/desktop-workspace-B6w8ckIj.css             13.72 kB │ gzip:   2.82 kB
2026-10-09T17:07:02.9495244Z node_modules/.nitro/vite/services/ssr/assets/transfer-desk-ClebI6cV.css                 17.27 kB │ gzip:   3.30 kB
2026-10-09T17:07:02.9496812Z node_modules/.nitro/vite/services/ssr/assets/facilities-ground-UozuFURP.css             18.24 kB │ gzip:   3.87 kB
2026-10-09T17:07:02.9497835Z node_modules/.nitro/vite/services/ssr/assets/newsroom-DRW9O_72.css                      20.92 kB │ gzip:   4.88 kB
2026-10-09T17:07:02.9498690Z node_modules/.nitro/vite/services/ssr/assets/home-shell-polish-BRsoeZ58.css             27.35 kB │ gzip:   4.07 kB
2026-10-09T17:07:02.9499842Z node_modules/.nitro/vite/services/ssr/assets/presentation-CZ7wT0RI.css                  30.83 kB │ gzip:   6.10 kB
2026-10-09T17:07:02.9501044Z node_modules/.nitro/vite/services/ssr/assets/inbox-overhaul-CvcdVWvI.css                31.56 kB │ gzip:   6.08 kB
2026-10-09T17:07:02.9501894Z node_modules/.nitro/vite/services/ssr/assets/home-concept-emBbTtqa.css                  34.32 kB │ gzip:   6.88 kB
2026-10-09T17:07:02.9502760Z node_modules/.nitro/vite/services/ssr/assets/home-overhaul-CG-Nn3Xo.css                 36.10 kB │ gzip:   6.17 kB
2026-10-09T17:07:02.9503588Z node_modules/.nitro/vite/services/ssr/assets/styles-5dn04ilw.css                       204.18 kB │ gzip:  31.51 kB
2026-10-09T17:07:02.9504427Z node_modules/.nitro/vite/services/ssr/assets/appUpdate-CkJKVzMS.js                       0.13 kB │ gzip:   0.10 kB
2026-10-09T17:07:02.9505288Z node_modules/.nitro/vite/services/ssr/assets/empty-plugin-adapters-D9UWiqvJ.js           0.22 kB │ gzip:   0.16 kB
2026-10-09T17:07:02.9506437Z node_modules/.nitro/vite/services/ssr/assets/_tanstack-start-manifest_v-BXHareLq.js      0.55 kB │ gzip:   0.30 kB
2026-10-09T17:07:02.9507310Z node_modules/.nitro/vite/services/ssr/assets/createStart-Dt05N14y.js                     1.65 kB │ gzip:   0.57 kB
2026-10-09T17:07:02.9508088Z node_modules/.nitro/vite/services/ssr/index.js                                           4.61 kB │ gzip:   1.92 kB
2026-10-09T17:07:02.9508822Z node_modules/.nitro/vite/services/ssr/assets/start-Dw7oXIWR.js                           7.22 kB │ gzip:   2.58 kB
2026-10-09T17:07:02.9509608Z node_modules/.nitro/vite/services/ssr/assets/soundscape-CwEuLYck.js                     13.79 kB │ gzip:   3.99 kB
2026-10-09T17:07:02.9510409Z node_modules/.nitro/vite/services/ssr/assets/router-25wsk3RK.js                         15.22 kB │ gzip:   4.67 kB
2026-10-09T17:07:02.9511193Z node_modules/.nitro/vite/services/ssr/assets/server-C3DZbo46.js                         68.65 kB │ gzip:  17.54 kB
2026-10-09T17:07:02.9512196Z node_modules/.nitro/vite/services/ssr/assets/routes-1gOzPN0z.js                      2,599.75 kB │ gzip: 624.44 kB
2026-10-09T17:07:02.9512598Z 
2026-10-09T17:07:02.9512756Z [32m✓ built in 1.28s[39m
2026-10-09T17:07:02.9513320Z [start] [nitro] Building [[35mNitro[39m] [2m(preset: `cloudflare-module`, compatibility: `2026-10-09`)[22m
2026-10-09T17:07:02.9618224Z [success] [nitro] Generated public [36m.output/public[39m
2026-10-09T17:07:02.9626210Z [36mvite v8.0.16 [32mbuilding nitro environment for production...[36m[39m
2026-10-09T17:07:02.9656793Z [warn] `inlineDynamicImports` option is ignored because the `codeSplitting` option is specified.
2026-10-09T17:07:02.9770127Z [2K
2026-10-09T17:07:03.5091842Z transforming...✓ 2651 modules transformed.
2026-10-09T17:07:03.7487320Z rendering chunks...
2026-10-09T17:07:03.9286991Z computing gzip size...
2026-10-09T17:07:03.9706259Z .output/server/_ssr/appUpdate-CkJKVzMS.mjs                        0.13 kB │ gzip:   0.10 kB
2026-10-09T17:07:03.9707525Z .output/server/_libs/radix-ui__number.mjs                         0.17 kB │ gzip:   0.15 kB
2026-10-09T17:07:03.9708338Z .output/server/_ssr/empty-plugin-adapters-D9UWiqvJ.mjs            0.23 kB │ gzip:   0.16 kB
2026-10-09T17:07:03.9709045Z .output/server/_libs/radix-ui__primitive.mjs                      0.42 kB │ gzip:   0.23 kB
2026-10-09T17:07:03.9709717Z .output/server/_libs/radix-ui__react-direction.mjs                0.59 kB │ gzip:   0.31 kB
2026-10-09T17:07:03.9710399Z .output/server/_chunks/ssr-renderer.mjs                           0.60 kB │ gzip:   0.36 kB
2026-10-09T17:07:03.9711080Z .output/server/_tanstack-start-manifest_v-BXHareLq.mjs            0.60 kB │ gzip:   0.34 kB
2026-10-09T17:07:03.9711802Z .output/server/_libs/tanstack__react-query.mjs                    0.78 kB │ gzip:   0.38 kB
2026-10-09T17:07:03.9712458Z .output/server/_libs/hookable.mjs                                 1.16 kB │ gzip:   0.51 kB
2026-10-09T17:07:03.9713065Z .output/server/_runtime.mjs                                       1.48 kB │ gzip:   0.69 kB
2026-10-09T17:07:03.9713707Z .output/server/_ssr/createStart-Dt05N14y.mjs                      1.56 kB │ gzip:   0.57 kB
2026-10-09T17:07:03.9714364Z .output/server/_libs/react-is.mjs                                 1.61 kB │ gzip:   0.65 kB
2026-10-09T17:07:03.9714987Z .output/server/_libs/prop-types.mjs                               2.27 kB │ gzip:   0.84 kB
2026-10-09T17:07:03.9715664Z .output/server/_libs/class-variance-authority+clsx.mjs            3.17 kB │ gzip:   1.24 kB
2026-10-09T17:07:03.9716719Z .output/server/_libs/d3-path.mjs                                  3.24 kB │ gzip:   1.16 kB
2026-10-09T17:07:03.9717445Z .output/server/_ssr/ssr.mjs                                       4.55 kB │ gzip:   1.92 kB
2026-10-09T17:07:03.9718028Z .output/server/_libs/d3-interpolate.mjs                           5.02 kB │ gzip:   1.61 kB
2026-10-09T17:07:03.9718639Z .output/server/_libs/@radix-ui/react-label+[...].mjs              5.64 kB │ gzip:   1.78 kB
2026-10-09T17:07:03.9719255Z .output/server/_ssr/start-Dw7oXIWR.mjs                            7.12 kB │ gzip:   2.59 kB
2026-10-09T17:07:03.9719857Z .output/server/_libs/@radix-ui/react-arrow+[...].mjs              7.47 kB │ gzip:   2.39 kB
2026-10-09T17:07:03.9720442Z .output/server/_libs/d3-array.mjs                                 8.04 kB │ gzip:   2.25 kB
2026-10-09T17:07:03.9721017Z .output/server/_libs/eventemitter3.mjs                            8.31 kB │ gzip:   2.05 kB
2026-10-09T17:07:03.9721600Z .output/server/_libs/h3-v2+srvx.mjs                               9.73 kB │ gzip:   3.02 kB
2026-10-09T17:07:03.9722194Z .output/server/_libs/@radix-ui/react-collection+[...].mjs         9.82 kB │ gzip:   2.51 kB
2026-10-09T17:07:03.9722802Z .output/server/_libs/d3-color.mjs                                10.35 kB │ gzip:   3.57 kB
2026-10-09T17:07:03.9723363Z .output/server/_libs/d3-format.mjs                               10.58 kB │ gzip:   3.02 kB
2026-10-09T17:07:03.9723943Z .output/server/_libs/tanstack__history.mjs                       12.50 kB │ gzip:   3.70 kB
2026-10-09T17:07:03.9724836Z .output/server/_libs/supabase__functions-js.mjs                  12.52 kB │ gzip:   3.47 kB
2026-10-09T17:07:03.9725461Z .output/server/_ssr/soundscape-CwEuLYck.mjs                      13.78 kB │ gzip:   4.01 kB
2026-10-09T17:07:03.9726245Z .output/server/_libs/@radix-ui/react-popover+[...].mjs           14.06 kB │ gzip:   3.33 kB
2026-10-09T17:07:03.9726855Z .output/server/_libs/fast-equals.mjs                             14.37 kB │ gzip:   3.62 kB
2026-10-09T17:07:03.9727449Z .output/server/_ssr/router-25wsk3RK.mjs                          15.29 kB │ gzip:   4.70 kB
2026-10-09T17:07:03.9728141Z .output/server/index.mjs                                         16.43 kB │ gzip:   4.80 kB
2026-10-09T17:07:03.9728722Z .output/server/_libs/@radix-ui/react-slider+[...].mjs            17.85 kB │ gzip:   4.47 kB
2026-10-09T17:07:03.9729356Z .output/server/_libs/h3+rou3+srvx+unenv.mjs                      20.25 kB │ gzip:   5.55 kB
2026-10-09T17:07:03.9729967Z .output/server/_libs/decimal.js-light.mjs                        23.25 kB │ gzip:   6.88 kB
2026-10-09T17:07:03.9730912Z .output/server/_libs/d3-shape.mjs                                24.72 kB │ gzip:   5.02 kB
2026-10-09T17:07:03.9731722Z .output/server/_libs/@floating-ui/dom+[...].mjs                  25.85 kB │ gzip:   6.56 kB
2026-10-09T17:07:03.9732360Z .output/server/_libs/@floating-ui/core+[...].mjs                 25.89 kB │ gzip:   6.36 kB
2026-10-09T17:07:03.9732971Z .output/server/_libs/@tanstack/router-core+[...].mjs             29.60 kB │ gzip:   7.98 kB
2026-10-09T17:07:03.9733584Z .output/server/_libs/@floating-ui/react-dom+[...].mjs            31.20 kB │ gzip:   7.97 kB
2026-10-09T17:07:03.9734188Z .output/server/_libs/react-smooth.mjs                            37.83 kB │ gzip:   8.15 kB
2026-10-09T17:07:03.9734793Z .output/server/_libs/supabase__supabase-js.mjs                   37.86 kB │ gzip:  11.17 kB
2026-10-09T17:07:03.9735402Z .output/server/_libs/tanstack__query-core.mjs                    47.92 kB │ gzip:  10.65 kB
2026-10-09T17:07:03.9736235Z .output/server/_libs/supabase__phoenix.mjs                       50.54 kB │ gzip:  12.76 kB
2026-10-09T17:07:03.9737247Z .output/server/_libs/d3-scale+[...].mjs                          58.24 kB │ gzip:  12.10 kB
2026-10-09T17:07:03.9737973Z .output/server/_libs/@radix-ui/react-dropdown-menu+[...].mjs     62.58 kB │ gzip:  12.43 kB
2026-10-09T17:07:03.9738596Z .output/server/_ssr/server-C3DZbo46.mjs                          66.97 kB │ gzip:  17.38 kB
2026-10-09T17:07:03.9739204Z .output/server/_libs/@radix-ui/react-dialog+[...].mjs            70.07 kB │ gzip:  17.09 kB
2026-10-09T17:07:03.9739816Z .output/server/_libs/lucide-react.mjs                            73.00 kB │ gzip:  13.63 kB
2026-10-09T17:07:03.9740426Z .output/server/_libs/supabase__realtime-js+unenv.mjs             82.05 kB │ gzip:  20.97 kB
2026-10-09T17:07:03.9741034Z .output/server/_libs/tailwind-merge.mjs                          85.65 kB │ gzip:  15.21 kB
2026-10-09T17:07:03.9741656Z .output/server/_libs/supabase__postgrest-js.mjs                 110.15 kB │ gzip:  23.14 kB
2026-10-09T17:07:03.9742273Z .output/server/_libs/@supabase/storage-js+[...].mjs             126.29 kB │ gzip:  23.51 kB
2026-10-09T17:07:03.9742856Z .output/server/_libs/lodash.mjs                                 162.79 kB │ gzip:  29.66 kB
2026-10-09T17:07:03.9743438Z .output/server/_libs/supabase__auth-js.mjs                      319.53 kB │ gzip:  64.76 kB
2026-10-09T17:07:03.9744023Z .output/server/_libs/recharts+[...].mjs                         554.16 kB │ gzip: 102.84 kB
2026-10-09T17:07:03.9744616Z .output/server/_libs/@tanstack/react-router+[...].mjs           751.51 kB │ gzip: 159.20 kB
2026-10-09T17:07:03.9745233Z .output/server/_ssr/routes-1gOzPN0z.mjs                       2,731.70 kB │ gzip: 627.28 kB
2026-10-09T17:07:03.9745563Z 
2026-10-09T17:07:03.9745726Z [32m✓ built in 1.01s[39m
2026-10-09T17:07:03.9782466Z [info] [nitro] Using auto generated worker name: `beanotw-legacy-football`
2026-10-09T17:07:03.9788848Z [info] Generated [36m.output/server/wrangler.json[39m
2026-10-09T17:07:03.9794368Z [info] Generated [36m.wrangler/deploy/config.json[39m
2026-10-09T17:07:03.9800415Z [info] Generated [36m.output/public/_headers[39m
2026-10-09T17:07:03.9813388Z [info] Generated [36m.output/nitro.json[39m
2026-10-09T17:07:03.9818699Z [success] [nitro] You can preview this build using `npx vite preview`
2026-10-09T17:07:03.9819577Z [success] [nitro] You can deploy this build using `npx nitro deploy --prebuilt`
2026-10-09T17:07:04.1559472Z ##[group]Run bunx tsc --noEmit
2026-10-09T17:07:04.1559828Z [36;1mbunx tsc --noEmit[0m
2026-10-09T17:07:04.1623181Z shell: /usr/bin/bash -e {0}
2026-10-09T17:07:04.1623463Z ##[endgroup]
2026-10-09T17:07:22.1089118Z ##[group]Run bun src/lib/game/__release__/release-soak.ts
2026-10-09T17:07:22.1089570Z [36;1mbun src/lib/game/__release__/release-soak.ts[0m
2026-10-09T17:07:22.1153404Z shell: /usr/bin/bash -e {0}
2026-10-09T17:07:22.1153694Z env:
2026-10-09T17:07:22.1153903Z   SOAK_SEASONS: 15
2026-10-09T17:07:22.1154143Z   SOAK_CHECKPOINT_EVERY: 5
2026-10-09T17:07:22.1154411Z   SOAK_SEED: RELEASE|SOAK|FIXED
2026-10-09T17:07:22.1154682Z ##[endgroup]
2026-10-09T17:07:22.1795358Z Release soak: 15 seasons · seed RELEASE|SOAK|FIXED
2026-10-09T17:09:52.6965292Z   S5: save 17.05 MB · players 2818 · transfers 1523 · inbox 948
2026-10-09T17:14:30.0441627Z   S10: save 29.92 MB · players 3316 · transfers 3185 · inbox 1816
2026-10-09T17:21:23.7184916Z   S15: save 42.49 MB · players 3119 · transfers 4786 · inbox 2624
2026-10-09T17:21:23.7186262Z   projected raw S20 at recent growth rate: 53.14 MB (diagnostic only; persisted saves compact/chunk history)
2026-10-09T17:21:24.0117161Z release-soak.ts: PASS {
2026-10-09T17:21:24.0117839Z   seasons: 15,
2026-10-09T17:21:24.0118191Z   finalSeason: 16,
2026-10-09T17:21:24.0118526Z   save: "42.49 MB",
2026-10-09T17:21:24.0118858Z   transfers: 4786,
2026-10-09T17:21:24.0119172Z   seasonHistory: 165,
2026-10-09T17:21:24.0119543Z }
2026-10-09T17:21:24.1442370Z Post job cleanup.
2026-10-09T17:21:24.3286646Z Post job cleanup.
2026-10-09T17:21:24.4232610Z [command]/usr/bin/git version
2026-10-09T17:21:24.4283264Z git version 2.55.0
2026-10-09T17:21:24.4328733Z Temporarily overriding HOME='/home/runner/work/_temp/a027fdec-2fc7-4468-9514-0ad0dd6c041b' before making global git config changes
2026-10-09T17:21:24.4330440Z Adding repository directory to the temporary git global config as a safe directory
2026-10-09T17:21:24.4335206Z [command]/usr/bin/git config --global --add safe.directory /home/runner/work/Legacy-Football/Legacy-Football
2026-10-09T17:21:24.4378828Z [command]/usr/bin/git config --local --name-only --get-regexp core\.sshCommand
2026-10-09T17:21:24.4417996Z [command]/usr/bin/git submodule foreach --recursive sh -c "git config --local --name-only --get-regexp 'core\.sshCommand' && git config --local --unset-all 'core.sshCommand' || :"
2026-10-09T17:21:24.4696871Z [command]/usr/bin/git config --local --name-only --get-regexp http\.https\:\/\/github\.com\/\.extraheader
2026-10-09T17:21:24.4729211Z http.https://github.com/.extraheader
2026-10-09T17:21:24.4742869Z [command]/usr/bin/git config --local --unset-all http.https://github.com/.extraheader
2026-10-09T17:21:24.4787014Z [command]/usr/bin/git submodule foreach --recursive sh -c "git config --local --name-only --get-regexp 'http\.https\:\/\/github\.com\/\.extraheader' && git config --local --unset-all 'http.https://github.com/.extraheader' || :"
2026-10-09T17:21:24.5078932Z [command]/usr/bin/git config --local --name-only --get-regexp ^includeIf\.gitdir:
2026-10-09T17:21:24.5111912Z [command]/usr/bin/git submodule foreach --recursive git config --local --show-origin --name-only --get-regexp remote.origin.url
2026-10-09T17:21:24.5535518Z Cleaning up orphan processes
2026-10-09T17:21:24.5871819Z ##[warning]Node.js 20 is deprecated. The following actions target Node.js 20 but are being forced to run on Node.js 24: actions/checkout@v4. For more information see: https://github.blog/changelog/2025-09-19-deprecation-of-node-20-on-github-actions-runners/
